# SYNTHETIC LOG - generated for the Harness_Syslog portfolio demo
# Device basis: Prusa CORE One L handbook v1.01
# Scenario: the hotend fan RPM drops repeatedly and the printer stops with a fan-related error.
# FAN_RPM_LOW is a demo error code; it is not an official Prusa error code.
# Field delimiter: " | " / Key-value delimiter: "="

2026-09-20T09:00:00+09:00 | LEVEL=INFO | DEVICE=COREONE-L-01 | MODEL=PRUSA_CORE_ONE_L | STATE=PREHEATING | EVENT=TELEMETRY | NOZZLE_ACT_C=24.8 | NOZZLE_TARGET_C=215.0 | BED_ACT_C=25.1 | BED_TARGET_C=60.0 | HOTEND_FAN_RPM=0 | PRINT_FAN_RPM=0 | FILAMENT_SENSOR=1
2026-09-20T09:00:30+09:00 | LEVEL=INFO | DEVICE=COREONE-L-01 | MODEL=PRUSA_CORE_ONE_L | STATE=PREHEATING | EVENT=TELEMETRY | NOZZLE_ACT_C=102.4 | NOZZLE_TARGET_C=215.0 | BED_ACT_C=37.2 | BED_TARGET_C=60.0 | HOTEND_FAN_RPM=7180 | PRINT_FAN_RPM=0 | FILAMENT_SENSOR=1
2026-09-20T09:01:00+09:00 | LEVEL=INFO | DEVICE=COREONE-L-01 | MODEL=PRUSA_CORE_ONE_L | STATE=PREHEATING | EVENT=TELEMETRY | NOZZLE_ACT_C=181.6 | NOZZLE_TARGET_C=215.0 | BED_ACT_C=51.7 | BED_TARGET_C=60.0 | HOTEND_FAN_RPM=7360 | PRINT_FAN_RPM=0 | FILAMENT_SENSOR=1
2026-09-20T09:01:30+09:00 | LEVEL=INFO | DEVICE=COREONE-L-01 | MODEL=PRUSA_CORE_ONE_L | STATE=PRINTING | EVENT=PRINT_STARTED | JOB=gear_box_demo.bgcode | MATERIAL=PLA | NOZZLE_ACT_C=214.7 | NOZZLE_TARGET_C=215.0 | BED_ACT_C=59.8 | BED_TARGET_C=60.0 | HOTEND_FAN_RPM=7420 | PRINT_FAN_RPM=5060 | FILAMENT_SENSOR=1
2026-09-20T09:02:00+09:00 | LEVEL=INFO | DEVICE=COREONE-L-01 | MODEL=PRUSA_CORE_ONE_L | STATE=PRINTING | EVENT=TELEMETRY | NOZZLE_ACT_C=215.1 | NOZZLE_TARGET_C=215.0 | BED_ACT_C=60.0 | BED_TARGET_C=60.0 | HOTEND_FAN_RPM=7440 | PRINT_FAN_RPM=5120 | FILAMENT_SENSOR=1
2026-09-20T09:03:00+09:00 | LEVEL=INFO | DEVICE=COREONE-L-01 | MODEL=PRUSA_CORE_ONE_L | STATE=PRINTING | EVENT=TELEMETRY | NOZZLE_ACT_C=215.3 | NOZZLE_TARGET_C=215.0 | BED_ACT_C=60.1 | BED_TARGET_C=60.0 | HOTEND_FAN_RPM=7390 | PRINT_FAN_RPM=5090 | FILAMENT_SENSOR=1
2026-09-20T09:04:30+09:00 | LEVEL=WARN | DEVICE=COREONE-L-01 | MODEL=PRUSA_CORE_ONE_L | STATE=PRINTING | EVENT=FAN_RPM_DROP | FAN=HOTEND | HOTEND_FAN_RPM=2860 | PREVIOUS_RPM=7390 | NOZZLE_ACT_C=216.2 | NOZZLE_TARGET_C=215.0
2026-09-20T09:05:00+09:00 | LEVEL=ERROR | DEVICE=COREONE-L-01 | MODEL=PRUSA_CORE_ONE_L | STATE=PRINTING | EVENT=FAULT | ERROR_CODE=FAN_RPM_LOW | FAN=HOTEND | HOTEND_FAN_RPM=1320 | NOZZLE_ACT_C=217.8 | NOZZLE_TARGET_C=215.0 | MESSAGE="Hotend fan speed below expected range"
2026-09-20T09:05:20+09:00 | LEVEL=INFO | DEVICE=COREONE-L-01 | MODEL=PRUSA_CORE_ONE_L | STATE=PRINTING | EVENT=FAN_RECOVERED | FAN=HOTEND | HOTEND_FAN_RPM=7210 | NOZZLE_ACT_C=216.1 | NOZZLE_TARGET_C=215.0
2026-09-20T09:06:00+09:00 | LEVEL=INFO | DEVICE=COREONE-L-01 | MODEL=PRUSA_CORE_ONE_L | STATE=PRINTING | EVENT=TELEMETRY | NOZZLE_ACT_C=215.4 | NOZZLE_TARGET_C=215.0 | BED_ACT_C=60.0 | BED_TARGET_C=60.0 | HOTEND_FAN_RPM=7350 | PRINT_FAN_RPM=5110 | FILAMENT_SENSOR=1
2026-09-20T09:07:10+09:00 | LEVEL=WARN | DEVICE=COREONE-L-01 | MODEL=PRUSA_CORE_ONE_L | STATE=PRINTING | EVENT=FAN_RPM_DROP | FAN=HOTEND | HOTEND_FAN_RPM=2410 | PREVIOUS_RPM=7350 | NOZZLE_ACT_C=216.9 | NOZZLE_TARGET_C=215.0
2026-09-20T09:07:30+09:00 | LEVEL=ERROR | DEVICE=COREONE-L-01 | MODEL=PRUSA_CORE_ONE_L | STATE=PRINTING | EVENT=FAULT | ERROR_CODE=FAN_RPM_LOW | FAN=HOTEND | HOTEND_FAN_RPM=980 | NOZZLE_ACT_C=218.5 | NOZZLE_TARGET_C=215.0 | MESSAGE="Hotend fan speed below expected range"
2026-09-20T09:07:50+09:00 | LEVEL=INFO | DEVICE=COREONE-L-01 | MODEL=PRUSA_CORE_ONE_L | STATE=PRINTING | EVENT=FAN_RECOVERED | FAN=HOTEND | HOTEND_FAN_RPM=7040 | NOZZLE_ACT_C=216.8 | NOZZLE_TARGET_C=215.0
2026-09-20T09:08:30+09:00 | LEVEL=WARN | DEVICE=COREONE-L-01 | MODEL=PRUSA_CORE_ONE_L | STATE=PRINTING | EVENT=FAN_RPM_DROP | FAN=HOTEND | HOTEND_FAN_RPM=1960 | PREVIOUS_RPM=7040 | NOZZLE_ACT_C=218.1 | NOZZLE_TARGET_C=215.0
2026-09-20T09:09:10+09:00 | LEVEL=ERROR | DEVICE=COREONE-L-01 | MODEL=PRUSA_CORE_ONE_L | STATE=PRINTING | EVENT=FAULT | ERROR_CODE=FAN_RPM_LOW | FAN=HOTEND | HOTEND_FAN_RPM=0 | NOZZLE_ACT_C=220.4 | NOZZLE_TARGET_C=215.0 | MESSAGE="Hotend fan stopped"
2026-09-20T09:09:11+09:00 | LEVEL=CRITICAL | DEVICE=COREONE-L-01 | MODEL=PRUSA_CORE_ONE_L | STATE=STOPPING | EVENT=SAFETY_STOP | REASON=REPEATED_FAN_FAULT | ERROR_CODE=FAN_RPM_LOW | ERROR_COUNT=3 | WINDOW_SEC=250
2026-09-20T09:09:20+09:00 | LEVEL=INFO | DEVICE=COREONE-L-01 | MODEL=PRUSA_CORE_ONE_L | STATE=STOPPED | EVENT=TELEMETRY | NOZZLE_ACT_C=214.2 | NOZZLE_TARGET_C=0.0 | BED_ACT_C=59.4 | BED_TARGET_C=0.0 | HOTEND_FAN_RPM=0 | PRINT_FAN_RPM=0 | FILAMENT_SENSOR=1
2026-09-20T09:10:00+09:00 | LEVEL=INFO | DEVICE=COREONE-L-01 | MODEL=PRUSA_CORE_ONE_L | STATE=STOPPED | EVENT=COOLDOWN | NOZZLE_ACT_C=188.7 | NOZZLE_TARGET_C=0.0 | BED_ACT_C=55.8 | BED_TARGET_C=0.0 | HOTEND_FAN_RPM=0 | PRINT_FAN_RPM=0 | FILAMENT_SENSOR=1
